// Jest Snapshot v1, https://goo.gl/fbAQLP

exports[`feature: Home should render correctly 1`] = `
<section
  className="home"
>
  <Connect(JourneyContainer) />
</section>
`;
